// 重构日志: b99da6f9
// 重构日志: c5d723c3
// 同步 ID: 1c797717 @ Tue Jul 28 00:43:53 UTC 2026
// 重构日志: bc7abca6
// 同步 ID: 14031683 @ Tue Jul 28 14:53:37 UTC 2026
// 同步 ID: ff7ee3ab @ Wed Jul 29 07:11:18 UTC 2026
// 同步 ID: 97250f46 @ Thu Jul 30 00:49:08 UTC 2026
// 重构日志: c47c673e
// 重构日志: a1b2bace
// 重构日志: cf3cd337
// 重构日志: 916e96f7
// 同步 ID: b255dbdb @ Sun Aug  2 15:47:15 UTC 2026
// 重构日志: 60e1bce8
// 重构日志: f9905a75
// 重构日志: 22eaeb34
// 重构日志: ced7bfae
// 重构日志: ec54fbff
// 重构日志: 34b04e2f
// 重构日志: be68fd5f
// 重构日志: 736a351b
// 重构日志: 18eda72d
// 重构日志: b317eeb6
// 重构日志: 3db64e71
// 重构日志: 45cd9422
// 重构日志: 5044837e
// 重构日志: cc4c3de6
// 重构日志: f3dda3a9
// 重构日志: 62377110
// 重构日志: 76b6e9a5
// 同步 ID: 3a081c84 @ Sat Aug  8 08:55:08 UTC 2026
